// Jest Snapshot v1, https://goo.gl/fbAQLP

exports[`should render the home page 1`] = `
<div>
  <div
    class="layout"
  >
    <h1>
      Positive Pup
    </h1>
    <div
      class="hero"
    >
      <h2
        class="hero__header"
      >
        Start your journey on the right 
        <span
          class="hero__header-highlight"
        >
          paw.
        </span>
      </h2>
      <p
        class="hero__subheader"
      >
        Lorem ipsum dolor sit amet, consectetur adipiscing elit. Ut orci diam malesuada pellentesque aenean sed ut egestas
      </p>
      <button
        class="button button--primary"
      >
        What We Offer
      </button>
    </div>
    <div
      class="certificate-badges"
    >
      <a
        href="https://www.vsdogtrainingacademy.com/"
        rel="noreferrer"
        target="_blank"
      >
        <img
          alt="Victoria Stillwell certification badge"
          class="certificate-badges__img"
          src="victoria_stillwell.png"
        />
      </a>
      <a
        href="https://companionanimal.network/"
        rel="noreferrer"
        target="_blank"
      >
        <img
          alt="international companion animal network certification badge"
          class="certificate-badges__img"
          src="international_companion.png"
        />
      </a>
      <a
        href="https://ukdogcharter.org/"
        rel="noreferrer"
        target="_blank"
      >
        <img
          alt="UK dog behaviour and training charter certification badge"
          class="certificate-badges__img"
          src="UK_dog_behaviour.png"
        />
      </a>
      <a
        href="https://www.petprofessionalguild.com/"
        rel="noreferrer"
        target="_blank"
      >
        <img
          alt="the pet professional guild certification badge"
          class="certificate-badges__img"
          src="PPG_Member_Badge.png"
        />
      </a>
    </div>
    <div
      class="footer"
    >
      <div
        class="footer__image-container"
      >
        <img
          alt="logo"
          class="footer__logo"
          src="footer-logo.svg"
        />
      </div>
      <ul
        class="footer__links-container"
      >
        <li
          class="footer__list-item"
        >
          <a
            class="footer__link"
            href="/about"
          >
            About
          </a>
        </li>
        <li
          class="footer__list-item"
        >
          <a
            class="footer__link"
            href="/services"
          >
            Services
          </a>
        </li>
        <li
          class="footer__list-item"
        >
          <a
            class="footer__link"
            href="/gallery"
          >
            Gallery
          </a>
        </li>
        <li
          class="footer__list-item footer__list-item--desktop"
        >
          <a
            class="footer__link"
            href="/terms-and-conditions"
          >
            Terms & Conditions
          </a>
        </li>
        <li
          class="footer__list-item footer__list-item--mobile"
        >
          <a
            class="footer__link"
            href="/terms-and-conditions"
          >
            T&C's
          </a>
        </li>
        <li
          class="footer__list-item"
        >
          <a
            class="footer__link"
            href="/faqs"
          >
            FAQ's
          </a>
        </li>
        <li
          class="footer__list-item"
        >
          <a
            class="footer__link"
            href="/get-in-touch"
          >
            Contact
          </a>
        </li>
      </ul>
      <hr
        class="footer__line-break"
      />
      <div
        class="footer__secondary-links-container"
      >
        <div
          class="footer__copyright-text"
        >
          © 2022 The Positive Pup. All rights reserved.
        </div>
        <div
          class="footer__social-links"
        >
          <a
            href="https://www.facebook.com/thepositivepupdogtraining"
            target="blank"
          >
            <img
              alt="link to facebook"
              src="facebook-logo.svg"
            />
          </a>
          <a
            href="https://www.instagram.com/the_positivepup/"
            target="blank"
          >
            <img
              alt="link to instagram"
              src="instagram-logo.svg"
            />
          </a>
        </div>
      </div>
    </div>
  </div>
</div>
`;
