// Jest Snapshot v1, https://goo.gl/fbAQLP

exports[`should match ContactHeader component snapshot 1`] = `
<div>
  <div
    class="contact-header"
  >
    <div
      class="header"
    >
      <h1
        class="header__heading"
      >
         
         
      </h1>
      <h2
        class="header__subheading"
      />
      <h2
        class="header__subheading"
      />
    </div>
    <p
      class="contact-header__text"
    >
      Please fill in the form or alternatively, drop me an email using the link below.
    </p>
    <a
      class="contact-header__anchor"
      href="mailto:info@thepositivepup.co.uk"
    >
      <img
        alt=""
        src="mail.svg"
      />
      <p
        class="contact-header__button-text"
      >
        info@thepositivepup.co.uk
      </p>
    </a>
  </div>
</div>
`;
