// Jest Snapshot v1, https://goo.gl/fbAQLP

exports[`should match CourseCard component snapshot 1`] = `
<div>
  <div
    class="course-card"
  >
    <img
      alt="dog image"
      class="course-card__img"
      src="dog-image.png"
    />
    <div
      class="course-card__course-content"
    >
      <h1
        class="course-card__course-content__type"
      >
        Group Class
      </h1>
      <h2
        class="course-card__course-content__heading"
      >
        Little Stars
      </h2>
      <div
        class="course-card__labels"
      >
        <div
          class="card-label"
        >
          <span
            class="card-label__text"
          >
            week
          </span>
        </div>
        <div
          class="card-label"
        >
          <span
            class="card-label__text"
          >
            online
          </span>
        </div>
      </div>
    </div>
  </div>
</div>
`;
