// Jest Snapshot v1, https://goo.gl/fbAQLP

exports[`should match the Navbar component snapshot 1`] = `
<div>
  <div
    class="navbar"
  >
    <div
      class="navbar__container"
    >
      <a
        href="/"
      >
        <img
          alt="The Positive Pup logo"
          class="navbar__container-logo"
          src="navbar-logo.svg"
        />
      </a>
      <nav
        class="navbar__nav"
      >
        <a
          class="navbar__nav-item"
          href="/about"
        >
          About
        </a>
        <a
          class="navbar__nav-item"
          href="/services"
        >
          Services
        </a>
        <a
          class="navbar__nav-item"
          href="/testimonials"
        >
          Testimonials
        </a>
        <a
          class="navbar__nav-item"
          href="/gallery"
        >
          Gallery
        </a>
        <span
          class="navbar__nav-item navbar__nav-item--phone"
        >
          <img
            alt=""
            class="navbar__nav-item-button"
            src="phone.svg"
          />
          <a
            class="navbar__nav-item"
            href="/get-in-touch"
          >
            Get in Touch
          </a>
        </span>
        <div
          class="button button--primary button--link"
        >
          <a
            href="/book-now"
          >
            Book Now
          </a>
        </div>
      </nav>
    </div>
  </div>
</div>
`;
