// Jest Snapshot v1, https://goo.gl/fbAQLP

exports[`should render the home page 1`] = `
<div>
  <div
    class="certification-section certification-section--hide"
  >
    <h2
      class="certification-section__header"
    >
      You’re in professional hands!
    </h2>
    <p
      class="certification-section__paragraph"
    >
      I’m a well-established, certified trainer in Dog behaviour & training, withover  
      <span
        class="certification-section__paragraph--highlighted-text"
      >
        4.5 years of experience.
      </span>
       To find out moreinformation  about any of my certifications, please click on one of the logos.
    </p>
  </div>
  <div
    class="certificate-badges"
  >
    <a
      href="https://www.vsdogtrainingacademy.com/"
      rel="noreferrer"
      target="_blank"
    >
      <img
        alt="Victoria Stillwell certification badge"
        class="certificate-badges__img"
        src="victoria_stillwell.png"
      />
    </a>
    <a
      href="https://companionanimal.network/"
      rel="noreferrer"
      target="_blank"
    >
      <img
        alt="international companion animal network certification badge"
        class="certificate-badges__img"
        src="international_companion.png"
      />
    </a>
    <a
      href="https://ukdogcharter.org/"
      rel="noreferrer"
      target="_blank"
    >
      <img
        alt="UK dog behaviour and training charter certification badge"
        class="certificate-badges__img"
        src="UK_dog_behaviour.png"
      />
    </a>
    <a
      href="https://www.petprofessionalguild.com/"
      rel="noreferrer"
      target="_blank"
    >
      <img
        alt="the pet professional guild certification badge"
        class="certificate-badges__img"
        src="PPG_Member_Badge.png"
      />
    </a>
  </div>
</div>
`;
