// Jest Snapshot v1, https://goo.gl/fbAQLP

exports[`should render the home page 1`] = `
<div>
  <div
    class="certificate-badges"
  >
    <a
      href="https://www.vsdogtrainingacademy.com/"
      rel="noreferrer"
      target="_blank"
    >
      <img
        alt="badge"
        class="certificate-badges__img"
        src="victoria_stillwell.png"
      />
    </a>
    <a
      href="https://companionanimal.network/"
      rel="noreferrer"
      target="_blank"
    >
      <img
        alt="badge"
        class="certificate-badges__img"
        src="international_companion.png"
      />
    </a>
    <a
      href="https://ukdogcharter.org/"
      rel="noreferrer"
      target="_blank"
    >
      <img
        alt="badge"
        class="certificate-badges__img"
        src="UK_dog_behaviour.png"
      />
    </a>
    <a
      href="https://www.petprofessionalguild.com/"
      rel="noreferrer"
      target="_blank"
    >
      <img
        alt="badge"
        class="certificate-badges__img"
        src="PPG_Member_Badge.png"
      />
    </a>
  </div>
</div>
`;
