// Jest Snapshot v1, https://goo.gl/fbAQLP

exports[`should render the BookNowHeader component 1`] = `
<div>
  <div
    class="book-now-header"
  >
    <div
      class="headerheader"
    >
      <h1
        class="header__heading"
      >
         
         
      </h1>
      <h2
        class="header__subheading"
      />
    </div>
  </div>
</div>
`;
