// Jest Snapshot v1, https://goo.gl/fbAQLP

exports[`should match the DropdownMenu component snapshot 1`] = `
<div>
  <div
    class="dropdown-menu"
  >
    <a
      class="dropdown-menu__link"
      href="/services"
      target="_parent"
    >
      View All
    </a>
    <div
      class="dropdown-menu__column"
    >
      <a
        class="dropdown-menu__column-title"
        href="/services/Online Courses"
        target="_parent"
      >
        Online Courses
      </a>
      <a
        class="dropdown-menu__column-option"
        href="https://www.thepositivepup.teachable.com/"
        rel="noreferrer"
        target="_blank"
      >
        Chaos to Calm
      </a>
      <a
        class="dropdown-menu__column-option"
        href="https://www.thepositivepup.teachable.com/"
        rel="noreferrer"
        target="_blank"
      >
        Rapid Recall
      </a>
    </div>
    <div
      class="dropdown-menu__column"
    >
      <a
        class="dropdown-menu__column-title"
        href="/services/Group Classes"
        target="_parent"
      >
        Group Classes
      </a>
      <a
        class="dropdown-menu__column-option"
        href="https://www.thepositivepup.teachable.com/"
        rel="noreferrer"
        target="_blank"
      >
        Little Stars Course
      </a>
      <a
        class="dropdown-menu__column-option"
        href="https://www.thepositivepup.teachable.com/"
        rel="noreferrer"
        target="_blank"
      >
        Rising Stars Course
      </a>
      <a
        class="dropdown-menu__column-option"
        href="https://www.thepositivepup.teachable.com/"
        rel="noreferrer"
        target="_blank"
      >
        Little Stars Course
      </a>
    </div>
    <div
      class="dropdown-menu__column"
    >
      <a
        class="dropdown-menu__column-title"
        href="/services/Bespoke Packages"
        target="_parent"
      >
        Other
      </a>
      <a
        class="dropdown-menu__column-option"
        href="https://www.thepositivepup.teachable.com/"
        rel="noreferrer"
        target="_blank"
      >
        1:1 Personalised Training
      </a>
      <a
        class="dropdown-menu__column-option"
        href="https://www.thepositivepup.teachable.com/"
        rel="noreferrer"
        target="_blank"
      >
        Premium Puppy
      </a>
      <a
        class="dropdown-menu__column-option"
        href="https://www.thepositivepup.teachable.com/"
        rel="noreferrer"
        target="_blank"
      >
        Bespoke Packages
      </a>
    </div>
    <button
      class="dropdown-menu__button"
    >
      <img
        alt="close dropdown"
        class="dropdown-menu__button-close"
        src="close-menu.svg"
      />
    </button>
  </div>
</div>
`;
