// Jest Snapshot v1, https://goo.gl/fbAQLP

exports[`should render the home page 1`] = `
<div>
  <div
    class="landing-page__about-intro"
  >
    <div
      class="landing-page__about-intro--greenbox"
    >
      <img
        alt="paw print"
        class="landing-page__about-intro--paw"
        src="paw_print.svg"
      />
      <h2
        class="landing-page__about-intro--header"
      >
        Why The Positive Pup?
      </h2>
      <p
        class="landing-page__about-intro--paragraph"
      >
         
        Lorem ipsum dolor sit amet, consectetur adipiscing elit. Mi malesuada tortor, tristique aenean ultricies. Integer aliquam mattis turpis justo, faucibus bibendum sagittis lacus ornare. Porttitor eget sed amet malesuada est dignissim magna. Amet vel tempor egestas at in mi, facilisi proin.
      </p>
      <a
        class="landing-page__about-intro--button"
        href="/about"
      >
        <button
          class="button button--secondary"
        >
          More About Me
        </button>
      </a>
      <img
        alt="Positive Pup owner, Melanie, with a dog"
        class="landing-page__about-intro--image"
        src="landing_page_about_intro_img.png"
      />
    </div>
  </div>
</div>
`;
