// Jest Snapshot v1, https://goo.gl/fbAQLP

exports[`should match the FiltersDropdown component snapshot 1`] = `
<div>
  <div
    class="filters-dropdown__container"
  >
    <button
      class="filters-dropdown__button"
    >
      Filters
      <img
        class="filters-dropdown__button-image"
        src="filter-icon.svg"
      />
    </button>
  </div>
</div>
`;
