// Jest Snapshot v1, https://goo.gl/fbAQLP

exports[`should match CategoryFilter component snapshot 1`] = `
<div>
  <div
    class="category-filter-container"
  >
    <button
      class="category-filter-container__filter-option category-filter-container__filter-option--selected"
      value="All"
    >
      All
    </button>
    <button
      class="category-filter-container__filter-option"
      value="Online Courses"
    >
      Online Courses
    </button>
    <button
      class="category-filter-container__filter-option"
      value="Group Classes"
    >
      Group Classes
    </button>
    <button
      class="category-filter-container__filter-option"
      value="Bespoke Packages"
    >
      Bespoke Packages
    </button>
  </div>
</div>
`;
