// Jest Snapshot v1, https://goo.gl/fbAQLP

exports[`should match CategoryFilter component snapshot 1`] = `
<div>
  <div
    class="category-filter-container"
  >
    <p
      class="category-filter-container__filter-option category-filter-container__filter-option--selected"
      id="All"
    >
      All
    </p>
    <p
      class="category-filter-container__filter-option"
      id="Online Courses"
    >
      Online Courses
    </p>
    <p
      class="category-filter-container__filter-option"
      id="Group Classes"
    >
      Group Classes
    </p>
    <p
      class="category-filter-container__filter-option"
      id="Bespoke Packages"
    >
      Bespoke Packages
    </p>
  </div>
</div>
`;
