// Jest Snapshot v1, https://goo.gl/fbAQLP

exports[`should match servicesCardList component snapshot 1`] = `
<div>
  <div
    class="services-card-list"
  >
    <div
      class="services-card"
    >
      <h3
        class="services-card__title"
      />
      <p />
      <a
        class="services-card__button"
        href="/services"
      >
        <img
          alt=""
          class="services-card__vector services-card__vector--black"
          src="Vector-black.svg"
        />
      </a>
      <img
        alt="dog"
        class="services-card__img"
        src="image.png"
      />
    </div>
    <div
      class="services-card"
    >
      <h3
        class="services-card__title"
      />
      <p />
      <a
        class="services-card__button"
        href="/services"
      >
        <img
          alt=""
          class="services-card__vector services-card__vector--black"
          src="Vector-black.svg"
        />
      </a>
      <img
        alt="dog"
        class="services-card__img"
        src="image1.png"
      />
    </div>
    <div
      class="services-card"
    >
      <h3
        class="services-card__title"
      />
      <p />
      <a
        class="services-card__button"
        href="/services"
      >
        <img
          alt=""
          class="services-card__vector services-card__vector--black"
          src="Vector-black.svg"
        />
      </a>
      <img
        alt="dog"
        class="services-card__img"
        src="image2.png"
      />
    </div>
    <div
      class="services-card"
    >
      <h3
        class="services-card__title"
      />
      <p />
      <a
        class="services-card__button"
        href="/services"
      >
        <img
          alt=""
          class="services-card__vector services-card__vector--black"
          src="Vector-black.svg"
        />
      </a>
      <img
        alt="dog"
        class="services-card__img"
        src="image.png"
      />
    </div>
    <div
      class="services-card"
    >
      <h3
        class="services-card__title"
      />
      <p />
      <a
        class="services-card__button"
        href="/services"
      >
        <img
          alt=""
          class="services-card__vector services-card__vector--black"
          src="Vector-black.svg"
        />
      </a>
      <img
        alt="dog"
        class="services-card__img"
        src="image1.png"
      />
    </div>
    <div
      class="services-card"
    >
      <h3
        class="services-card__title"
      />
      <p />
      <a
        class="services-card__button"
        href="/services"
      >
        <img
          alt=""
          class="services-card__vector services-card__vector--black"
          src="Vector-black.svg"
        />
      </a>
      <img
        alt="dog"
        class="services-card__img"
        src="image3.png"
      />
    </div>
  </div>
</div>
`;
