// Jest Snapshot v1, https://goo.gl/fbAQLP

exports[`should match AboutUsHeader component snapshot 1`] = `
<div>
  <div
    class="about-us-header"
  >
    <main
      class="about-us-header__content"
    >
      <div
        class="header header--left-align"
      >
        <h1
          class="header__heading"
        >
           
          About Us
           
        </h1>
        <h2
          class="header__subheading"
        >
          Hey there
        </h2>
        <h2
          class="header__subheading"
        >
          My name is Melanie!
        </h2>
      </div>
      <p
        class="about-us-header__text"
      >
        As the owner of The Positive Pup, it is my joy to be able to welcome you to this website.
      </p>
      <div
        class="button button--secondary button--link"
      >
        <a
          href="#mission-section"
        >
          More About Us
        </a>
      </div>
    </main>
    <img
      alt="Melanie and a dog"
      class="about-us-header__image"
      src="AboutMe.png"
    />
  </div>
</div>
`;
