// Jest Snapshot v1, https://goo.gl/fbAQLP

exports[`should render the AbouUsTrainingSection component 1`] = `
<div>
  <div
    class="about-us-training-section"
    id="about-us-training-section"
  >
    <img
      alt="Positive Pup owner, Melanie, with a dog"
      class="about-us-training-section__image"
      src="trainingMethodsImage.svg"
    />
    <div
      class="about-us-training-section__content"
    >
      <h2
        class="about-us-training-section__header"
      >
        Training Methods 
      </h2>
      <p
        class="about-us-training-section__paragraph"
      >
        As a graduate of the Victoria Stilwell Dog Training Academy, I am a positive reinforcement dog trainer. This means that I use reward-based training methods that are deeply rooted in the continually evolving world of behavioral science.
      </p>
      <p
        class="about-us-training-section__paragraph"
      >
        Outdated old school dominance and punishment are certainly not my bag. Not only does science tell us that these methods achieve temporary results and can often result in eventual aggressive behavior, but that they are cruel, dangerous and unnecessary.
      </p>
    </div>
  </div>
</div>
`;
