// Jest Snapshot v1, https://goo.gl/fbAQLP

exports[`should match ServicesCard component snapshot 1`] = `
<div>
  <div
    class="services-card"
  >
    <h3
      class="services-card__title"
    >
      Online Courses
    </h3>
    <p
      class="services-card__text"
    >
      Lorem ipsum dolor sit amet, consectetur adipisicing elit.
    </p>
    <a
      aria-label="link to services filtered for Online Courses"
      class="services-card__button"
      href="/services/Online Courses"
    >
      <img
        alt=""
        class="services-card__vector services-card__vector--black"
        src="Vector-black.svg"
      />
    </a>
    <img
      alt="dog"
      class="services-card__img"
      src="image.png"
    />
  </div>
</div>
`;
